<?xml version="1.0" encoding="utf-8"?><testsuites><testsuite name="pytest" errors="0" failures="0" skipped="1" tests="2" time="0.018" timestamp="2022-11-16T23:21:37.984565" hostname="kicknpunch"><testcase classname="tests.SimpleTest" name="test_pass" time="0.001" /><testcase classname="tests.SimpleTest" name="test_skipped" time="0.000"><skipped type="pytest.skip" message="demonstrating skipping">/home/amerigo/Documents/teaching/4273/dummyJenkinsRepo/tests.py:10: demonstrating skipping</skipped></testcase></testsuite></testsuites>